I'm sorry, but errors were detected in your script. Please correct the
errors listed below, and try again.


File "game/script.rpy", line 34: end of line expected.
    call elevation-hex-battle
                  ^

Ren'Py Version: Ren'Py 6.15.7.374
